
> starter@0.0.0 build
> tsc && vite build

src/pages/modules/HRDModuleSupabase.tsx(1584,12): error TS2552: Cannot find name 'user'. Did you mean 'User'?
src/pages/modules/HRDModuleSupabase.tsx(1717,17): error TS2339: Property 'stashedSession' does not exist on type 'AuthContextType | { user: any; profile: any; session: any; isAuthenticated: boolean; isLoading: boolean; login: () => Promise<boolean>; register: () => Promise<boolean>; ... 4 more ...; onlineUsers: any[]; }'.
src/pages/modules/HRDModuleSupabase.tsx(1717,33): error TS2339: Property 'restoreAdminSession' does not exist on type 'AuthContextType | { user: any; profile: any; session: any; isAuthenticated: boolean; isLoading: boolean; login: () => Promise<boolean>; register: () => Promise<boolean>; ... 4 more ...; onlineUsers: any[]; }'.
