src/components/inventory/PriceAdjustmentManagement.tsx(21,24): error TS2307: Cannot find module '@/components/ui/button' or its corresponding type declarations.
src/components/inventory/PriceAdjustmentManagement.tsx(22,23): error TS2307: Cannot find module '@/components/ui/input' or its corresponding type declarations.
src/components/inventory/PriceAdjustmentManagement.tsx(23,75): error TS2307: Cannot find module '@/components/ui/card' or its corresponding type declarations.
src/components/inventory/PriceAdjustmentManagement.tsx(31,8): error TS2307: Cannot find module '@/components/ui/table' or its corresponding type declarations.
src/components/inventory/PriceAdjustmentManagement.tsx(40,8): error TS2307: Cannot find module '@/components/ui/dialog' or its corresponding type declarations.
src/components/inventory/PriceAdjustmentManagement.tsx(47,8): error TS2307: Cannot find module '@/components/ui/select' or its corresponding type declarations.
src/components/inventory/PriceAdjustmentManagement.tsx(48,26): error TS2307: Cannot find module '@/components/ui/checkbox' or its corresponding type declarations.
src/components/inventory/PriceAdjustmentManagement.tsx(49,23): error TS2307: Cannot find module '@/components/ui/label' or its corresponding type declarations.
src/components/inventory/PriceAdjustmentManagement.tsx(50,23): error TS2307: Cannot find module '@/components/ui/badge' or its corresponding type declarations.
src/components/inventory/PriceAdjustmentManagement.tsx(51,58): error TS2307: Cannot find module '@/components/ui/tabs' or its corresponding type declarations.
src/components/inventory/PriceAdjustmentManagement.tsx(52,26): error TS2307: Cannot find module '@/components/ui/use-toast' or its corresponding type declarations.
src/components/inventory/PriceAdjustmentManagement.tsx(53,29): error TS2307: Cannot find module '@/hooks/useInventory' or its corresponding type declarations.
src/components/inventory/PriceAdjustmentManagement.tsx(54,30): error TS2307: Cannot find module '@/services/priceService' or its corresponding type declarations.
src/components/inventory/PriceAdjustmentManagement.tsx(55,36): error TS2307: Cannot find module '@/lib/utils' or its corresponding type declarations.
src/components/inventory/PriceAdjustmentManagement.tsx(56,30): error TS2307: Cannot find module '@/lib/supabase' or its corresponding type declarations.
